---
source: tun/src/phy/mod.rs
expression: "&buf[(size - data.len())..size]"
---
[
    1,
    2,
    3,
    4,
    5,
    6,
    7,
    8,
    9,
    19,
]
